-- output:
[toplevel] error | Unknown command in command pipe: ["random","command"]
-- exit code: 1
