-- output:
[sh] stderr | I will fail
-- exit code: 42
