-- output:
[mytask] info | Inputs changed, running task
[mytask] stdout | Expensive computation
[mytask] info | success
should compute again:
[mytask] info | Inputs changed, running task
[mytask] stdout | Expensive computation
[mytask] info | success
should not compute again:
