-- output:
[mytask] stdout | Expensive computation
