-- output:
[mytask] stdout | Expensive computation, no previous output
Output in a is: oof
[mytask] stdout | Expensive computation, previous output is oof
Output in b is: rab
