-- output:
[othertask] stdout | FAIL
-- github:
Requested access token for installation 123
Updated commit status for fakeowner/fakerepo to {"context":"othertask","description":"not cached","state":"pending","target_url":null}
Requested access token for installation 123
Updated commit status for fakeowner/fakerepo to {"context":"othertask","description":null,"state":"failure","target_url":null}
Requested access token for installation 123
Updated commit status for fakeowner/fakerepo to {"context":"mytask","description":null,"state":"failure","target_url":null}
-- exit code: 1
