-- output:
[mytask] stdout | FAIL
-- github:
Requested access token for installation 123
Updated commit status for fakeowner/fakerepo to {"context":"mytask","description":null,"state":"failure","target_url":null}
-- exit code: 1
