-- output:
[othertask] stdout | Success
-- github:
Requested access token for installation 123
Updated commit status for fakeowner/fakerepo to {"context":"mytask","description":"not cached","state":"pending","target_url":null}
Updated commit status for fakeowner/fakerepo to {"context":"othertask","description":"not cached","state":"pending","target_url":null}
Updated commit status for fakeowner/fakerepo to {"context":"othertask","description":null,"state":"success","target_url":null}
Updated commit status for fakeowner/fakerepo to {"context":"mytask","description":null,"state":"success","target_url":null}
