-- output:
[nested] stdout | Nested output before failure
