-- output:
[mytask] info | Inputs changed, running task
[mytask] stdout | Expensive computation
[mytask] info | success
Output in a is: oof
Output2 in a is: oof
[mytask] info | Restored from remote cache
Output in b is: oof
Output2 in b is: oof
