-- output:
snapshot: Invalid option: --junk-option
-- exit code: 1
