-- output:
[nested-task] error | snapshot: Invalid option or missing argument: --junk-option
-- exit code: 1
