-- output:
[sh] stdout | This will appear on stdout
[sh] stderr | This will appear on stderr
[sh] stdout | stdout again
[sh] stderr | stderr again
