-- output:
[toplevel] stdout | first
[toplevel] stdout | second
