-- logs/mytask.log:
stdout | some standard output
stderr | some standard error
stdout | more standard output
