-- output:
[toplevel] stdout | This will appear on stdout
[toplevel] stderr | This will appear on stderr
[toplevel] stdout | stdout again
[toplevel] stderr | stderr again
