-- output:
[toplevel] warn | taskrunner: Task did not close stderr 1 seconds after exiting.
[toplevel] warn | Perhaps the file descriptor was leaked to a background process?
[toplevel] warn | Build will continue despite this error, but some output may be lost.
