-- output:
[toplevel] error | Task did not close stdout 1 seconds after exiting.
[toplevel] error | Perhaps there's a background process?
-- exit code: 1
